I'm sorry, but errors were detected in your script. Please correct the
errors listed below, and try again.


File "game/screens.rpy", line 583: u'background' is not a keyword argument or valid child for the vbox statement.
    background "ffffff"
              ^

Ren'Py Version: Ren'Py 7.2.2.491
Sat May 25 16:47:32 2019
